
-git ssh 키 생성 방법-

$ cd
$ mkdir .ssh
$ cd .ssh
$ ssh-keygen -t ed25519 -C "your_email@example.com"
Enter file in which to save the key (/home/사용자계정/.ssh/id_ed25519):
-엔터(기본값)-
Enter passphrase (empty for no passphrase):
-비밀번호 입력, 후 재입력-

$ cat id_ed25519.pub

-cat 으로 출력된 내용 github 계정에 ssh 키 등록.

-테스트-
$ ssh -T git@github.com

-에러가 뜬다면 Host key verification failed. -
$ ssh-keyscan -t rsa github.com >> ~/.ssh/known_hosts

-클론-
$ git clone git@github.com:사용자ID/리포지토리.git

